07-09 05:03:36.943 3300 198 I MiPicks-RetrofitRequest callStart : https://global.market.xiaomi.com/apm/intl/config/mimarket
07-09 05:03:37.197 3942 243 D MiPicks-Connection connection url: https://global.market.xiaomi.com/apm/intl/updateinfo/mimarket
07-09 05:03:37.228 3300 198 I MiPicks-RetrofitRequest dnsStart : https://global.market.xiaomi.com/apm/intl/config/mimarket
07-09 05:03:37.445 3942 243 I MiPicks-RetrofitRequest callStart : https://global.market.xiaomi.com/apm/intl/updateinfo/mimarket
07-09 05:03:37.475 3300 198 E MiPicks-PrefUtils Unknown sharedpreferences file name connect_fail_ipv6
07-09 05:03:37.496 3300 198 E MiPicks-PrefUtils Unknown sharedpreferences file name host
07-09 05:03:37.498 3942 243 I MiPicks-RetrofitRequest dnsStart : https://global.market.xiaomi.com/apm/intl/updateinfo/mimarket
07-09 05:03:37.499 3942 243 I MiPicks-HttpDnsManager httpdns shouldUseHttpDns:false
07-09 05:03:37.538 3942 243 E MiPicks-PrefUtils Unknown sharedpreferences file name connect_fail_ipv6
07-09 05:03:37.579 3300 198 E MiPicks-PrefUtils Unknown sharedpreferences file name host
07-09 05:03:37.582 3942 243 E MiPicks-PrefUtils Unknown sharedpreferences file name host
07-09 05:03:37.584 3942 243 E MiPicks-PrefUtils Unknown sharedpreferences file name host
07-09 05:03:37.585 3942 243 E MiPicks-PrefUtils Unknown sharedpreferences file name host
07-09 05:03:37.586 3942 243 E MiPicks-PrefUtils Unknown sharedpreferences file name host
07-09 05:03:37.589 3300 198 E MiPicks-PrefUtils Unknown sharedpreferences file name host
07-09 05:03:37.591 3300 198 E MiPicks-PrefUtils Unknown sharedpreferences file name host
07-09 05:03:37.592 3300 198 E MiPicks-PrefUtils Unknown sharedpreferences file name host
07-09 05:03:37.598 3300 198 I MiPicks-NetworkMonitor Connectivity changed, metered network is connected!
07-09 05:03:37.587 3942 243 E MiPicks-PrefUtils Unknown sharedpreferences file name host
07-09 05:03:37.613 3942 243 I MiPicks-RetrofitRequest dnsEnd : https://global.market.xiaomi.com/apm/intl/updateinfo/mimarket
07-09 05:03:37.616 3942 243 I MiPicks-RetrofitRequest connectStart : https://global.market.xiaomi.com/apm/intl/updateinfo/mimarket
07-09 05:03:37.627 3300 198 I MiPicks-RetrofitRequest dnsEnd : https://global.market.xiaomi.com/apm/intl/config/mimarket
07-09 05:03:37.636 3300 198 I MiPicks-RetrofitRequest connectStart : https://global.market.xiaomi.com/apm/intl/config/mimarket
07-09 05:03:38.059 3300 198 I MiPicks-RetrofitRequest connectEnd : https://global.market.xiaomi.com/apm/intl/config/mimarket
07-09 05:03:38.068 3300 198 I MiPicks-RetrofitRequest HeaderInterceptor : https://global.market.xiaomi.com/apm/intl/config/mimarket
07-09 05:03:38.316 3300 198 I MiPicks-RetrofitRequest callEnd : https://global.market.xiaomi.com/apm/intl/config/mimarket
07-09 05:03:38.319 3942 243 I MiPicks-RetrofitRequest connectEnd : https://global.market.xiaomi.com/apm/intl/updateinfo/mimarket
07-09 05:03:38.319 3300 198 I MiPicks-WebResourceService [updateClientConfig] : web res updated: false, page config updated: false, client config updated: false
07-09 05:03:38.597 3942 243 I MiPicks-RetrofitRequest callEnd : https://global.market.xiaomi.com/apm/intl/updateinfo/mimarket
07-09 05:03:38.614 3942 243 E MiPicks-PrefUtils Unknown sharedpreferences file name self_update
07-09 05:03:38.703 3942 243 I MiPicks-SelfUpdateService no new version!
07-09 05:03:38.761 3942 243 I MiPicks-SelfUpdateService [SelfUpdate] check job set in id 10000 -> 2022-07-10 05:03:38
07-09 05:03:38.815 3942 243 I MiPicks-SelfUpdateService [SelfUpdate] check job set in id 10001 -> 2022-07-10 05:03:38
07-09 05:03:38.844 3942 243 I MiPicks-SelfUpdateService [SelfUpdate] check job set in id 10002 -> 2022-07-11 05:03:38
07-09 05:03:59.649 6222 402 I MiPicks-App 

Process create: com.xiaomi.mipicks:guard ------------------
07-09 05:04:01.121 6222 402 I MiPicks-MMKVManager init, use MMKV = true
07-09 05:04:01.142 6222 402 E MiPicks-PrefUtils Unknown sharedpreferences file name self_update
07-09 05:04:01.143 6222 402 E MiPicks-PrefUtils Unknown sharedpreferences file name self_update
07-09 05:04:01.322 6222 402 E MiPicks-PrefUtils Unknown sharedpreferences file name multi_proc_shared
07-09 05:04:01.323 6222 402 E MiPicks-PrefUtils Unknown sharedpreferences file name multi_proc_shared
07-09 05:04:01.325 6222 402 E MiPicks-PrefUtils Unknown sharedpreferences file name multi_proc_shared
07-09 05:04:01.328 6222 402 E MiPicks-PrefUtils Unknown sharedpreferences file name multi_proc_shared
07-09 05:04:01.332 6222 402 D MiPicks-Connection connection url: https://global.market.xiaomi.com/apm/intl/action/serverTime
07-09 05:04:01.347 6222 402 I MiPicks-RetrofitRequest callStart : https://global.market.xiaomi.com/apm/intl/action/serverTime
07-09 05:04:01.373 6222 402 I MiPicks-RetrofitRequest dnsStart : https://global.market.xiaomi.com/apm/intl/action/serverTime
07-09 05:04:01.377 6222 402 I MiPicks-HttpDnsManager httpdns shouldUseHttpDns:false
07-09 05:04:01.457 6222 402 I MiPicks-PrivacyUtils Not EU region
07-09 05:04:01.689 6222 402 E MiPicks-PrefUtils Unknown sharedpreferences file name connect_fail_ipv6
07-09 05:04:01.691 6222 402 E MiPicks-PrefUtils Unknown sharedpreferences file name host
07-09 05:04:01.692 6222 402 E MiPicks-PrefUtils Unknown sharedpreferences file name host
07-09 05:04:01.694 6222 402 E MiPicks-PrefUtils Unknown sharedpreferences file name host
07-09 05:04:01.695 6222 402 E MiPicks-PrefUtils Unknown sharedpreferences file name host
07-09 05:04:01.710 6222 402 E MiPicks-PrefUtils Unknown sharedpreferences file name host
07-09 05:04:01.713 6222 402 I MiPicks-RetrofitRequest dnsEnd : https://global.market.xiaomi.com/apm/intl/action/serverTime
07-09 05:04:01.715 6222 402 I MiPicks-RetrofitRequest connectStart : https://global.market.xiaomi.com/apm/intl/action/serverTime
07-09 05:04:02.229 6222 402 I MiPicks-RetrofitRequest connectEnd : https://global.market.xiaomi.com/apm/intl/action/serverTime
07-09 05:04:02.383 6222 402 I MiPicks-RetrofitRequest callEnd : https://global.market.xiaomi.com/apm/intl/action/serverTime
07-09 05:07:37.574 3300 325 W MiPicks-ScreenReceiver Intent { act=android.intent.action.SCREEN_ON flg=0x50000010 }
07-09 05:44:19.663 3300 343 W MiPicks-ScreenReceiver Intent { act=android.intent.action.SCREEN_OFF flg=0x50000010 }
07-09 05:44:20.043 3300 343 E MiPicks-PrefUtils Unknown sharedpreferences file name app_update
07-09 05:44:20.202 3300 343 D MiPicks-AutoUpdateManager [Update] generatePendingList: 5 / 5
07-09 05:44:20.216 3300 343 I MiPicks-AutoUpdateScheduler [Update] install job not needed
07-09 05:44:20.223 3300 343 E MiPicks-PrefUtils Unknown sharedpreferences file name app_auto_download
07-09 05:44:20.308 3300 343 D MiPicks-AutoDownloadManager [AutoDownload] generatePendingList: 0 / 0
07-09 05:44:20.310 3300 343 I MiPicks-AutoDownloadScheduler [AutoDownload] install job not needed
07-09 05:45:04.616 3300 343 W MiPicks-ScreenReceiver Intent { act=android.intent.action.SCREEN_ON flg=0x50000010 }
07-09 05:51:36.738 3300 345 I MiPicks-CommonMarketService onStartJob
07-09 05:51:36.816 3300 345 I MiPicks-RetrofitRequest callStart : https://global.market.xiaomi.com/apm/intl/download/cache
07-09 05:51:36.854 3300 345 I MiPicks-RetrofitRequest dnsStart : https://global.market.xiaomi.com/apm/intl/download/cache
07-09 05:51:37.304 3300 345 E MiPicks-PrefUtils Unknown sharedpreferences file name connect_fail_ipv6
07-09 05:51:37.324 3300 345 I MiPicks-RetrofitRequest dnsEnd : https://global.market.xiaomi.com/apm/intl/download/cache
07-09 05:51:37.325 3300 345 I MiPicks-RetrofitRequest connectStart : https://global.market.xiaomi.com/apm/intl/download/cache
07-09 05:51:37.696 3300 345 I MiPicks-RetrofitRequest connectEnd : https://global.market.xiaomi.com/apm/intl/download/cache
07-09 05:51:37.702 3300 345 I MiPicks-RetrofitRequest HeaderInterceptor : https://global.market.xiaomi.com/apm/intl/download/cache
07-09 05:51:39.890 3300 345 I MiPicks-RetrofitRequest callEnd : https://global.market.xiaomi.com/apm/intl/download/cache
07-09 05:51:39.901 3300 345 E MiPicks-CachedConnection request download cache error: java.io.IOException: ID1ID2: actual 0x00006856 != expected 0x00001f8b
07-09 05:51:39.925 3300 345 I MiPicks-RetrofitRequest callStart : https://global.market.xiaomi.com/apm/intl/appinfo/cache
07-09 05:51:39.950 3300 345 I MiPicks-RetrofitRequest HeaderInterceptor : https://global.market.xiaomi.com/apm/intl/appinfo/cache
07-09 05:51:40.816 3300 345 I MiPicks-RetrofitRequest callEnd : https://global.market.xiaomi.com/apm/intl/appinfo/cache
07-09 05:51:40.843 3300 345 I MiPicks-CachedConnection save AppInfoCached, cache size: 4
07-09 06:06:02.458 3300 352 E MiPicks-PrefUtils Unknown sharedpreferences file name multi_proc_shared
07-09 06:06:02.464 3300 352 E MiPicks-PrefUtils Unknown sharedpreferences file name multi_proc_shared
07-09 06:15:14.615 3300 368 W MiPicks-ScreenReceiver Intent { act=android.intent.action.SCREEN_OFF flg=0x50000010 }
07-09 06:15:14.867 3300 368 D MiPicks-AutoUpdateManager [Update] generatePendingList: 5 / 5
07-09 06:15:14.894 3300 368 I MiPicks-AutoUpdateScheduler [Update] install job not needed
07-09 06:15:14.904 3300 368 D MiPicks-AutoDownloadManager [AutoDownload] generatePendingList: 0 / 0
07-09 06:15:14.914 3300 368 I MiPicks-AutoDownloadScheduler [AutoDownload] install job not needed
07-09 06:15:15.089 3300 368 W MiPicks-ScreenReceiver Intent { act=android.intent.action.SCREEN_ON flg=0x50000010 }
07-09 06:21:38.816 3300 375 W MiPicks-ScreenReceiver Intent { act=android.intent.action.SCREEN_OFF flg=0x50000010 }
07-09 06:21:38.826 3300 375 D MiPicks-AutoUpdateManager [Update] generatePendingList: 5 / 5
07-09 06:21:38.832 3300 375 I MiPicks-AutoUpdateScheduler [Update] install job not needed
07-09 06:21:38.834 3300 375 D MiPicks-AutoDownloadManager [AutoDownload] generatePendingList: 0 / 0
07-09 06:21:38.835 3300 375 I MiPicks-AutoDownloadScheduler [AutoDownload] install job not needed
07-09 06:22:25.595 3300 375 W MiPicks-ScreenReceiver Intent { act=android.intent.action.SCREEN_ON flg=0x50000010 }
07-09 07:05:35.565 3300 400 E MiPicks-PrefUtils Unknown sharedpreferences file name multi_proc_shared
07-09 07:05:35.576 3300 400 E MiPicks-PrefUtils Unknown sharedpreferences file name multi_proc_shared
07-09 07:14:23.905 3300 404 W MiPicks-ScreenReceiver Intent { act=android.intent.action.SCREEN_OFF flg=0x50000010 }
07-09 07:14:24.041 3300 404 D MiPicks-AutoUpdateManager [Update] generatePendingList: 5 / 5
07-09 07:14:24.241 3300 404 I MiPicks-AutoUpdateScheduler [Update] install job not needed
07-09 07:14:24.243 3300 404 D MiPicks-AutoDownloadManager [AutoDownload] generatePendingList: 0 / 0
07-09 07:14:24.244 3300 404 I MiPicks-AutoDownloadScheduler [AutoDownload] install job not needed
07-09 07:14:24.246 3300 404 D MiPicks-AutoDownloadManager [AutoDownload] generatePendingList: 0 / 0
07-09 07:14:24.247 3300 404 I MiPicks-AutoDownloadScheduler [AutoDownload] install job not needed
07-09 07:14:24.593 3300 404 W MiPicks-ScreenReceiver Intent { act=android.intent.action.SCREEN_ON flg=0x50000010 }
07-09 07:47:55.535 3300 434 W MiPicks-ScreenReceiver Intent { act=android.intent.action.SCREEN_OFF flg=0x50000010 }
07-09 07:47:55.590 3300 434 D MiPicks-AutoUpdateManager [Update] generatePendingList: 5 / 5
07-09 07:47:55.592 3300 434 I MiPicks-AutoUpdateScheduler [Update] install job not needed
07-09 07:47:55.596 3300 434 D MiPicks-AutoDownloadManager [AutoDownload] generatePendingList: 0 / 0
07-09 07:47:55.601 3300 434 I MiPicks-AutoDownloadScheduler [AutoDownload] install job not needed
07-09 07:47:55.605 3300 434 D MiPicks-AutoDownloadManager [AutoDownload] generatePendingList: 0 / 0
07-09 07:47:55.607 3300 434 I MiPicks-AutoDownloadScheduler [AutoDownload] install job not needed
07-09 07:48:20.599 3300 434 W MiPicks-ScreenReceiver Intent { act=android.intent.action.SCREEN_ON flg=0x50000010 }
07-09 07:51:01.528 3300 441 W MiPicks-ScreenReceiver Intent { act=android.intent.action.SCREEN_OFF flg=0x50000010 }
07-09 07:51:01.531 3300 441 D MiPicks-AutoUpdateManager [Update] generatePendingList: 5 / 5
07-09 07:51:01.532 3300 441 I MiPicks-AutoUpdateScheduler [Update] install job not needed
07-09 07:51:01.534 3300 441 D MiPicks-AutoDownloadManager [AutoDownload] generatePendingList: 0 / 0
07-09 07:51:01.538 3300 441 I MiPicks-AutoDownloadScheduler [AutoDownload] install job not needed
07-09 07:51:01.547 3300 441 D MiPicks-AutoDownloadManager [AutoDownload] generatePendingList: 0 / 0
07-09 07:51:01.550 3300 441 I MiPicks-AutoDownloadScheduler [AutoDownload] install job not needed
07-09 07:51:01.937 3300 441 W MiPicks-ScreenReceiver Intent { act=android.intent.action.SCREEN_ON flg=0x50000010 }
07-09 07:51:03.808 3300 441 W MiPicks-ScreenReceiver Intent { act=android.intent.action.SCREEN_OFF flg=0x50000010 }
07-09 07:51:03.833 3300 441 D MiPicks-AutoUpdateManager [Update] generatePendingList: 5 / 5
07-09 07:51:03.852 3300 441 I MiPicks-AutoUpdateScheduler [Update] install job not needed
07-09 07:51:03.854 3300 441 D MiPicks-AutoDownloadManager [AutoDownload] generatePendingList: 0 / 0
07-09 07:51:03.867 3300 441 I MiPicks-AutoDownloadScheduler [AutoDownload] install job not needed
07-09 07:51:03.869 3300 441 D MiPicks-AutoDownloadManager [AutoDownload] generatePendingList: 0 / 0
07-09 07:51:03.871 3300 441 I MiPicks-AutoDownloadScheduler [AutoDownload] install job not needed
07-09 07:51:04.197 3300 441 W MiPicks-ScreenReceiver Intent { act=android.intent.action.SCREEN_ON flg=0x50000010 }
07-09 08:04:58.539 3300 458 E MiPicks-PrefUtils Unknown sharedpreferences file name multi_proc_shared
07-09 08:04:58.542 3300 458 E MiPicks-PrefUtils Unknown sharedpreferences file name multi_proc_shared
07-09 08:24:15.199 3300 477 W MiPicks-ScreenReceiver Intent { act=android.intent.action.SCREEN_OFF flg=0x50000010 }
07-09 08:24:15.294 3300 477 D MiPicks-AutoUpdateManager [Update] generatePendingList: 5 / 5
07-09 08:24:15.322 3300 477 I MiPicks-AutoUpdateScheduler [Update] install job not needed
07-09 08:24:15.326 3300 477 D MiPicks-AutoDownloadManager [AutoDownload] generatePendingList: 0 / 0
07-09 08:24:15.327 3300 477 I MiPicks-AutoDownloadScheduler [AutoDownload] install job not needed
07-09 08:24:15.328 3300 477 D MiPicks-AutoDownloadManager [AutoDownload] generatePendingList: 0 / 0
07-09 08:24:15.330 3300 477 I MiPicks-AutoDownloadScheduler [AutoDownload] install job not needed
07-09 08:25:58.952 3300 477 W MiPicks-ScreenReceiver Intent { act=android.intent.action.SCREEN_ON flg=0x50000010 }
07-09 18:16:13.875 2998 168 I MiPicks-App 

Process create: com.xiaomi.mipicks ------------------
07-09 18:16:20.264 2998 168 I MiPicks-MMKVManager init, use MMKV = true
07-09 18:16:20.287 2998 168 I MiPicks-App MiLink init Host name: mb-milink.market.xiaomi.com 65.0.142.55
07-09 18:16:20.339 2998 168 I MiPicks-HomeUserGuideService HomeUserGuide ready
07-09 18:16:20.343 2998 168 I MiPicks-HomeUserGuideService HomeUserGuide show called
07-09 18:16:20.770 2998 168 I MiPicks-HttpDnsManager httpdns shouldUseHttpDns:false
07-09 18:16:20.845 2998 168 I MiPicks-PrivacyUtils Not EU region
07-09 18:16:21.035 2998 168 E MiPicks-PrefUtils Unknown sharedpreferences file name ab_test
07-09 18:16:21.044 2998 168 E MiPicks-PrefUtils Unknown sharedpreferences file name ab_test
07-09 18:16:21.227 2998 168 E MiPicks-PrefUtils Unknown sharedpreferences file name ab_test
07-09 18:16:21.236 2998 168 E MiPicks-PrefUtils Unknown sharedpreferences file name ab_test
07-09 18:16:21.295 2998 168 I MiPicks-App isCooperativePhoneWithGoogle == false
07-09 18:16:21.299 2998 168 E MiPicks-PrefUtils Unknown sharedpreferences file name multi_proc_shared
07-09 18:16:21.303 2998 168 E MiPicks-PrefUtils Unknown sharedpreferences file name multi_proc_shared
07-09 18:16:21.305 2998 168 E MiPicks-PrefUtils Unknown sharedpreferences file name multi_proc_shared
07-09 18:16:21.338 2998 168 E MiPicks-LoginManager account login failed: 2
07-09 18:16:21.481 2998 168 I MiPicks-LocalAppManager load local apps from system : begin
07-09 18:16:21.496 2998 168 E MiPicks-PrefUtils Unknown sharedpreferences file name multi_proc_shared
07-09 18:16:21.500 2998 168 E MiPicks-PrefUtils Unknown sharedpreferences file name multi_proc_shared
07-09 18:16:21.852 2998 168 I MiPicks-LocalAppManager load local apps from system : finish
07-09 18:16:22.021 2998 168 I MiPicks-SystemSettingsManager extraSettingsSecureGetInt key: com.xiaomi.market.need_update_game_count, value: 0
07-09 18:16:22.022 2998 168 E MiPicks-PrefUtils Unknown sharedpreferences file name app_update
07-09 18:16:22.029 2998 168 I MiPicks-UpdateAppList update app list do not change, don't notify: pkg (5) = com.xiaomi.account,com.miui.securitycenter,com.android.mms,com.miui.global.packageinstaller,com.xiaomi.scanner
07-09 18:16:23.866 2998 168 I MiPicks-AutoUpdateScheduler [Update] scheduleAutoUpdateOnAppStart
07-09 18:16:23.869 2998 168 I MiPicks-AutoDownloadScheduler [AutoDownload] scheduleAutoDownloadOnAppStart
07-09 18:16:27.436 2998 168 I MiPicks-FirebaseConfig update result:false
07-09 18:16:45.548 5610 371 I MiPicks-App 

Process create: com.xiaomi.mipicks:guard ------------------
07-09 18:16:45.969 5610 371 E MiPicks-PrefUtils Unknown sharedpreferences file name firebase_config
07-09 18:16:45.991 5610 371 I MiPicks-MMKVManager init, use MMKV = true
07-09 18:16:46.060 5610 371 E MiPicks-PrefUtils Unknown sharedpreferences file name self_update
07-09 18:16:46.067 5610 371 E MiPicks-PrefUtils Unknown sharedpreferences file name self_update
07-09 18:16:46.167 5610 371 I MiPicks-Connection ConnectionException 
com.xiaomi.market.conn.ConnectionException: no network connected!com.xiaomi.market.conn.ConnectionException: no network connected!
	at com.xiaomi.market.conn.Connection.ensureNetwork(Connection.java:3)
	at com.xiaomi.market.conn.Connection.requestUnsafe(Connection.java:2)
	at com.xiaomi.market.conn.Connection.request(Connection.java:2)
	at com.xiaomi.market.conn.Connection.requestString(Connection.java:3)
	at com.xiaomi.market.conn.Connection$1.run(Connection.java:1)
	at java.util.concurrent.ThreadPoolExecutor.runWorker(ThreadPoolExecutor.java:1133)
	at java.util.concurrent.ThreadPoolExecutor$Worker.run(ThreadPoolExecutor.java:607)
	at java.lang.Thread.run(Thread.java:760)

07-09 18:16:46.171 5610 371 E MiPicks-Connection ConnectionException in request : no network connected!
07-09 18:16:46.178 5610 371 E MiPicks-Connection ConnectionException in request : no network connected!
07-09 18:16:46.185 5610 371 E MiPicks-Connection Connection failed : NETWORK_ERROR | null
07-09 18:16:47.123 5610 371 I MiPicks-PrivacyUtils Not EU region
07-09 18:16:47.520 2998 168 W MiPicks-ScreenReceiver Intent { act=android.intent.action.SCREEN_ON flg=0x50000010 }
07-09 18:16:51.878 2998 168 I MiPicks-TaskManager handleNetworkChanged: true
07-09 18:16:51.885 2998 168 I MiPicks-ManualUpdateScheduler [Update] job 150 manualUpdateTimer onStart
07-09 18:16:51.908 2998 168 E MiPicks-PrefUtils Unknown sharedpreferences file name app_update
07-09 18:16:51.917 2998 168 D MiPicks-ManualUpdateScheduler [Update] manualUpdateTimer check job set in id 150: 0~23 @1.0 -> 2022-07-10 10:45:51
07-09 18:16:51.944 2998 168 D MiPicks-CheckUpdateService [Update] app auto update start: manualUpdateTimer
07-09 18:16:51.964 2998 168 I MiPicks-WakeLockManager acquire wakeLock: CheckUpdateService for 30000
07-09 18:16:51.965 2998 168 I MiPicks-LocalAppManager query update apps from server : begin
07-09 18:16:51.966 2998 168 E MiPicks-PrefUtils Unknown sharedpreferences file name app_update
07-09 18:16:51.968 2998 168 E MiPicks-PrefUtils Unknown sharedpreferences file name app_update
07-09 18:16:52.008 2998 168 E MiPicks-PrefUtils Unknown sharedpreferences file name app_update
07-09 18:16:52.072 2998 168 D MiPicks-Connection connection url: https://global.market.xiaomi.com/apm/intl/updateinfo/v2
07-09 18:16:52.090 2998 168 W MiPicks-QHttpRequest Http Method is POST but ContentType is, so set it to application/x-www-form-urlencoded
07-09 18:16:53.904 2998 168 I MiPicks-NetworkMonitor Connectivity changed, metered network is connected!
07-09 18:16:53.939 2998 168 I MiPicks-DataParser [InvalidPackageList] JSON : invalidSystemPackageList list is null
07-09 18:16:53.941 2998 168 I MiPicks-LocalAppManager query update apps from server : finish, 6 / 230 to update
07-09 18:16:53.943 2998 168 E MiPicks-PrefUtils Unknown sharedpreferences file name app_update
07-09 18:16:53.977 2998 168 I MiPicks-SystemSettingsManager extraSettingsSecureGetInt key: com.xiaomi.market.need_update_game_count, value: 0
07-09 18:16:54.037 2998 168 E MiPicks-PrefUtils Unknown sharedpreferences file name app_update
07-09 18:16:54.038 2998 168 I MiPicks-UpdateAppList notify update appList changed: pkg (5) = com.miui.securitycenter,com.android.mms,com.xiaomi.scanner,com.miui.global.packageinstaller,com.xiaomi.account
07-09 18:16:54.044 2998 168 I MiPicks-SystemSettingsManager extraSettingsSecureGetInt key: com.xiaomi.market.need_update_app_count, value: 5
07-09 18:16:54.045 2998 168 E MiPicks-PrefUtils Unknown sharedpreferences file name app_update
07-09 18:16:54.053 2998 168 I MiPicks-SubScriptManager updateMiPicksSubScript
07-09 18:16:54.054 2998 168 D MiPicks-Connection connection url: https://global.market.xiaomi.com/apm/intl/updateinfo/diffsize
07-09 18:16:54.055 2998 168 W MiPicks-QHttpRequest Http Method is POST but ContentType is, so set it to application/x-www-form-urlencoded
07-09 18:16:54.250 2998 168 I MiPicks-SubScriptManager get count 5
07-09 18:16:54.416 2998 168 I MiPicks-WakeLockManager release wakeLock: CheckUpdateService
07-09 18:16:54.422 2998 168 V MiPicks-CheckUpdateService check update took 2455ms, success: true
07-09 18:16:54.423 2998 168 E MiPicks-PrefUtils Unknown sharedpreferences file name app_update
07-09 18:16:54.424 2998 168 I MiPicks-SubScriptManager updateMiPicksSubScript
07-09 18:16:54.451 2998 168 I MiPicks-SubScriptManager get count 5
07-09 18:16:54.465 2998 168 I MiPicks-SubScriptManager updateMiPicksSubScript
07-09 18:16:54.582 2998 168 I MiPicks-SubScriptManager get count 5
07-09 18:16:55.151 2998 168 I MiPicks-PendingUpdateNotification show update notification - update count: 5
07-09 18:16:55.440 2998 168 D MiPicks-ManualUpdateScheduler [Update] manualUpdateTimer check job set in id 150: 0~23 @1.0 -> 2022-07-10 08:12:55
07-09 18:31:54.581 2998 350 W MiPicks-NotificationConfigItem use backup notification config for outstandingUpdate
07-09 18:31:54.644 2998 350 I MiPicks-PendingUpdateNotification show update notification - update count: 1
07-09 18:31:54.740 2998 350 D MiPicks-ManualUpdateScheduler [Update] manualUpdateTimer check job set in id 150: 0~23 @1.0 -> 2022-07-10 04:43:54
07-09 18:45:11.026 2998 358 W MiPicks-ScreenReceiver Intent { act=android.intent.action.SCREEN_OFF flg=0x50000010 }
07-09 18:45:11.409 2998 358 D MiPicks-AutoUpdateManager [Update] generatePendingList: 6 / 6
07-09 18:45:11.457 2998 358 D MiPicks-AutoUpdateScheduler [Update] delayed install job lockScreen set in id 0, after 0ms
07-09 18:45:11.522 2998 358 E MiPicks-PrefUtils Unknown sharedpreferences file name app_auto_download
07-09 18:45:11.592 2998 358 D MiPicks-AutoDownloadManager [AutoDownload] generatePendingList: 0 / 0
07-09 18:45:11.594 2998 358 I MiPicks-AutoDownloadScheduler [AutoDownload] install job not needed
07-09 18:45:11.596 2998 358 D MiPicks-AutoDownloadManager [AutoDownload] generatePendingList: 0 / 0
07-09 18:45:11.597 2998 358 I MiPicks-AutoDownloadScheduler [AutoDownload] install job not needed
07-09 18:45:58.066 2998 358 W MiPicks-ScreenReceiver Intent { act=android.intent.action.SCREEN_ON flg=0x50000010 }
07-09 18:47:35.789 2998 360 W MiPicks-NotificationConfigItem use backup notification config for pendingUpdateCategoryNoDiff
07-09 18:51:30.338 2998 362 I MiPicks-AutoDownloadScheduler [AutoDownload] job 551 timer onStart
07-09 18:51:30.340 2998 362 V MiPicks-AutoDownloadScheduler target time: 2022-07-08 19:49:37, latency: 23:01:52
07-09 18:51:30.344 2998 362 D MiPicks-AutoDownloadManager [AutoDownload] generatePendingList: 0 / 0
07-09 18:51:30.371 2998 362 D MiPicks-AutoDownloadScheduler [AutoDownload] timer check job set in id 551: 0~23 @1.0 -> 2022-07-10 11:50:30
07-09 18:51:30.373 2998 362 I MiPicks-AutoDownloadScheduler [AutoDownload] job started by deadline expired, ignore
